[line 3] Error at 'super': Can't user 'super' in a class with no superclass.
