[line 1] Error at 'this': Can't use 'this' outside of a class.
