[line 3] Error at 'a': Already variable with this name in this scope.
