[line 1] Error at 'super': Can't user 'super' outside of a class.
