[line 3] Error at 'a': Already a variable with this name in this scope.
