[line 3] Error at 'a': Can't read local variable in its own initializer.
