[line 1] Error at 'return': Can't return from top-level code.
