[line 2] Error at 'this': Can't use 'this' outside of a class.
