[line 3] Error at 'return': Can't return a value from an initializer.
