0.000000
1.000000
1.000000
2.000000
3.000000
5.000000
8.000000
13.000000
21.000000
34.000000
55.000000
89.000000
144.000000
233.000000
377.000000
610.000000
987.000000
1597.000000
2584.000000
4181.000000
